seal census over 489 sites, concurrency 8
  40/489  paid so far: 7
  80/489  paid so far: 11
  120/489  paid so far: 11
  160/489  paid so far: 18
  200/489  paid so far: 20
  240/489  paid so far: 20
  280/489  paid so far: 22
  320/489  paid so far: 25
  360/489  paid so far: 32
  400/489  paid so far: 36
  440/489  paid so far: 38
  480/489  paid so far: 38

=== seal census: 470 of 489 sites read ===
  paying a commercial seal vendor : 38  (8.1%)
  regulator licence seal          : 263  (56.0%)
  responsible-gambling logos      : 144  (30.6%)
  review-platform badge           : 16  (3.4%)
  lists game providers on site    : 197  (41.9%)
  no trust signal of any kind     : 145

--- paid vendors by reach ---
   11  askgamblers
    9  gamecheck
    8  trustpilot
    8  casinoguru
    6  gaminglabs
    6  licenseseal
    4  gli
    3  dlagglobal
    1  quinel
    1  bmmtest

--- the paying list ---
  21bit.com                    dlagglobal
  artcasino.io                 casinoguru, askgamblers
  baywin.com                   gamecheck
  bet10bet.com                 licenseseal
  betlike.com                  licenseseal
  betphoenix.ag                quinel
  betticket.com                licenseseal
  casinoorca.com               casinoguru, askgamblers
  casinostars.io               askgamblers, casinoguru
  degencity.com                trustpilot
  fatbets.com                  gamecheck, trustpilot
  grandbetting.com             licenseseal
  levelupcasino.com            dlagglobal
  lukkly.com                   askgamblers
  maltcasino.com               gamecheck
  meritwin.com                 gamecheck
  mondcasino.com               askgamblers, casinoguru
  narniaslots.com              gaminglabs, gli, trustpilot, casinoguru, askgamblers
  narniumcasino.com            gaminglabs, gli, trustpilot, casinoguru, askgamblers
  narniumslots.com             gaminglabs, gli, trustpilot, casinoguru, askgamblers
  pinbahis.com                 gamecheck
  pk8.com                      gaminglabs
  playbet.io                   trustpilot
  queenbet.com                 licenseseal
  raize.poker                  gli
  slot.win                     trustpilot
  slotin.com                   gamecheck
  spassino.com                 trustpilot
  stack.bet                    licenseseal
  tipobet.com                  gamecheck
  u2is.tech                    bmmtest
  vegazcasino.com              askgamblers
  voodoo.casino                askgamblers, dlagglobal
  wepoker.com                  gaminglabs
  winspin.ai                   askgamblers, casinoguru
  wpk.com                      gaminglabs
  yasalbahis.com               gamecheck
  zlot.com                     gamecheck
